08-27 17:09:38  CAP   idle      対象なし
08-27 17:09:38  RUN   start
08-27 17:22:04  RUN   start     gap=12m
08-27 17:22:24  SYNC  light     2日 92件
08-27 17:22:36  RUN   start     gap=1m
08-27 17:22:47  CAP   1/3       08-27 17:40 s02 Michael／マイケル M lead=17m occ=15%
08-27 17:22:55  CAP   1/3       08-27 18:05 s05 ブルーロック BLUE LO lead=42m occ=14%
08-27 17:23:04  CAP   1/3       08-27 18:05 s07 しらぬひ Shiranuhi lead=42m occ=2%
08-27 17:23:09  CAP   done      対象 3 / 成功 3 / 失敗 0 / 33s
08-27 17:23:09  MISS  31        08-27 10:40 08-27 13:15 08-27 11:45 08-27 14:20 08-27 09:10 08-27 11:30 08-27 13:50 08-27 16:10
08-27 17:47:36  RUN   start
08-27 17:47:55  SYNC  light     2日 92件
08-27 17:48:05  CAP   1/3       08-27 18:05 s05 ブルーロック BLUE LO lead=17m occ=17%
08-27 17:48:15  CAP   1/3       08-27 18:05 s07 しらぬひ Shiranuhi lead=17m occ=4%
08-27 17:48:23  CAP   1/3       08-27 18:30 s06 映画ちいかわ 人魚の島のひみ lead=42m occ=5%
08-27 17:48:32  CAP   1/3       08-27 18:40 s01 「劇場版 魔法少女まどか☆マ lead=52m occ=19%
08-27 17:48:42  CAP   1/3       08-27 18:40 s04 オークストリートの異変 Th lead=51m occ=14%
08-27 17:48:45  CAP   done      対象 5 / 成功 5 / 失敗 0 / 50s
08-27 17:48:45  MISS  32        08-27 10:40 08-27 13:15 08-27 11:45 08-27 14:20 08-27 09:10 08-27 11:30 08-27 13:50 08-27 16:10
08-27 22:09:25  CAP   idle      対象なし
08-27 22:09:25  MISS  10        08-27 21:15 08-27 21:15 08-27 20:50 08-27 19:05 08-27 20:50 08-27 21:10 08-27 20:25 08-27 20:40
08-27 22:09:25  RUN   start     gap=4h21m   ← 前回から大きく空いた
08-27 22:09:25  SYNC  skip      4h21m 前に取得済み
08-27 22:17:23  CAP   idle      対象なし
08-27 22:17:23  RUN   start     gap=8m
08-27 22:17:23  SYNC  skip      4h29m 前に取得済み
08-27 22:19:26  CAP   idle      対象なし
08-27 22:19:26  RUN   start     gap=2m
08-27 22:19:26  SYNC  skip      4h31m 前に取得済み
08-27 22:19:51  CAP   idle      対象なし
08-27 22:19:51  RUN   start     gap=0m
08-27 22:19:51  SYNC  skip      4h31m 前に取得済み
08-27 22:34:52  RUN   start     gap=15m
08-27 22:34:52  SYNC  skip      4h46m 前に取得済み
08-27 22:34:58  CAP   no-page   08-28 00:00 劇場版 魔法少女まどか☆マギ  予約リンク無し
08-27 22:35:01  CAP   done      対象 1 / 成功 0 / 失敗 1 / 9s
08-27 22:54:59  RUN   start     gap=20m
08-27 22:55:17  SYNC  change    2026-08-27 +20260827-1805-s05-blue-lock-4f16c3
08-27 22:55:17  SYNC  change    2026-08-27 +20260827-1805-s07-shiranuhi-6c2ef4
08-27 22:55:17  SYNC  change    2026-08-27 +20260827-1830-s06-chiikawa-0377e3
08-27 22:55:17  SYNC  change    2026-08-27 +20260827-1840-s01-puella-magi-madoka-magica-f4772b
08-27 22:55:17  SYNC  change    2026-08-27 +20260827-1840-s04-the-end-of-oak-street-964311
08-27 22:55:17  SYNC  light     2日 92件  予定記録 92 件   変更 5 件
08-27 22:55:30  RUN   start     gap=1m
08-27 22:55:34  CAP   no-page   08-28 00:00 劇場版 魔法少女まどか☆マギ  予約リンク無し
08-27 22:55:43  CAP   1/3       08-28 00:15 s03 劇場版 魔法少女まどか☆マギ lead=79m occ=65%
08-27 22:55:52  CAP   1/3       08-28 00:30 s06 劇場版 魔法少女まどか☆マギ lead=94m occ=98%
08-27 22:56:00  CAP   1/3       08-28 08:10 s01 ブルーロック BLUE LO lead=554m occ=0%
08-27 22:56:08  CAP   1/3       08-28 08:30 s03 劇場版 魔法少女まどか☆マギ lead=574m occ=79%
08-27 22:56:17  CAP   1/3       08-28 08:35 s05 映画クレヨンしんちゃん 奇々 lead=579m occ=1%
08-27 22:56:25  CAP   1/3       08-28 08:45 s02 ミニオンズ＆モンスターズ M lead=589m occ=0%
08-27 22:56:34  CAP   1/3       08-28 08:45 s04 映画『仮面ライダーゼッツ さ lead=588m occ=0%
08-27 22:56:39  CAP   done      対象 8 / 成功 7 / 失敗 1 / 69s
08-27 22:56:39  MISS  5         08-27 18:05 08-27 18:05 08-27 18:30 08-27 18:40 08-27 18:40
08-27 23:01:19  RUN   start     gap=6m
08-27 23:01:23  SYNC  pull      合流完了  記録 92 件  画像 +0
08-27 23:01:23  SYNC  skip      6m 前に取得済み
08-27 23:01:27  CAP   no-page   08-28 00:00 劇場版 魔法少女まどか☆マギ  予約リンク無し
08-27 23:01:32  CAP   done      対象 1 / 成功 0 / 失敗 1 / 9s
08-27 23:05:51  SYNC  pull      合流完了  記録 92 件  画像 +0
08-27 23:06:36  SYNC  push      送信完了  記録 92 件
08-27 23:11:56  SYNC  repair    5 件の記録に画像を復元
08-27 23:19:34  SYNC  repair    5 件に画像を復元（うち撮影時刻も復元 3 件）  対応する記録が無い画像 7 枚
08-27 23:19:43  SYNC  pull      合流完了  記録 92 件  画像 +0
08-27 23:19:46  SYNC  push      送信完了  記録 92 件
08-27 23:30:19  RUN   start     gap=29m
08-27 23:30:29  CAP   1/3       08-28 09:00 s07 劇場版 魔法少女まどか☆マギ lead=570m occ=77%
08-27 23:30:33  CAP   done      対象 1 / 成功 1 / 失敗 0 / 14s
08-27 23:32:25  RUN   start     gap=2m
08-27 23:32:26  CAP   idle      対象なし
08-27 23:32:26  SYNC  pull      合流完了  記録 92 件  画像 +0
08-27 23:32:26  SYNC  skip      37m 前に取得済み
08-27 23:32:29  SYNC  pull      合流完了  記録 92 件  画像 +0
08-27 23:32:33  SYNC  push      送信完了  記録 92 件
08-27 23:37:33  RUN   start     gap=5m
08-27 23:37:35  CAP   idle      対象なし
08-27 23:37:35  SYNC  pull      合流完了  記録 92 件  画像 +0
08-27 23:37:35  SYNC  skip      42m 前に取得済み
08-27 23:37:38  SYNC  pull      合流完了  記録 92 件  画像 +0
08-27 23:37:41  SYNC  push      送信完了  記録 92 件
08-27 23:53:16  RUN   start     gap=16m
08-27 23:53:18  SYNC  pull      合流完了  記録 92 件  画像 +0
08-27 23:53:18  SYNC  skip      58m 前に取得済み
08-27 23:53:27  CAP   2/3       08-28 00:15 s03 劇場版 魔法少女まどか☆マギ lead=22m occ=69%
08-27 23:53:31  CAP   done      対象 1 / 成功 1 / 失敗 0 / 12s
08-27 23:53:34  SYNC  pull      合流完了  記録 92 件  画像 +0
08-27 23:53:37  SYNC  push      送信完了  記録 92 件
08-27 23:54:55  SYNC  pull      合流完了  記録 92 件  画像 +0
08-27 23:54:59  SYNC  push      送信完了  記録 92 件
08-27 23:57:34  RUN   start     gap=4m
08-27 23:57:43  CAP   3/3       08-28 00:15 s03 劇場版 魔法少女まどか☆マギ lead=17m occ=69%
08-27 23:57:47  CAP   done      対象 1 / 成功 1 / 失敗 0 / 13s
08-28 00:08:54  RUN   start     gap=11m
08-28 00:10:12  SYNC  full      11日 327件  予定記録 316 件
08-28 00:15:02  RUN   start     gap=6m
08-28 00:15:04  SYNC  pull      合流完了  記録 371 件  画像 +0
08-28 00:15:04  SYNC  skip      5m 前に取得済み
08-28 00:15:13  CAP   3/3       08-28 00:15 s03 劇場版 魔法少女まどか☆マギ lead=-0m occ=61%
08-28 00:15:21  CAP   2/3       08-28 00:30 s06 劇場版 魔法少女まどか☆マギ lead=15m occ=97%
08-28 00:15:26  CAP   done      対象 2 / 成功 2 / 失敗 0 / 22s
08-28 00:15:29  SYNC  pull      合流完了  記録 371 件  画像 +0
08-28 00:15:32  SYNC  push      送信完了  記録 371 件
08-28 01:35:44  RUN   start     gap=1h20m   ← 前回から大きく空いた
08-28 01:35:44  SYNC  pull      リモートにデータブランチが無い
08-28 01:35:44  SYNC  skip      1h25m 前に取得済み
08-28 01:35:44  CAP   idle      対象なし
